// Jest Snapshot v1, https://goo.gl/fbAQLP

exports[`Pruebas en FirstApp Debe de hacer match con el snapshot 1`] = `
<div>
  <h1>
    Hola soy pipe
  </h1>
  <p>
    No hay texto que mostra en subtitle
  </p>
</div>
`;
