// Jest Snapshot v1, https://goo.gl/fbAQLP

exports[`Pruebas en el componente GifItem El componente debe hacer match con el snapshot 1`] = `
<div>
  <div
    class="card"
  >
    <img
      alt="Soy un titulo de img"
      src="https://www.google.com/"
    />
    <p>
      Soy un titulo de img
    </p>
  </div>
</div>
`;
